xu@xu-virtual-machine:~/760/CS_760_HW/HW4/Q3$ ls
languageID  langutil.py  __pycache__  Q3_1.py  Q3_2.py  Q3_3.py  Q3_4.py  Q3_5.py  Q3_6.py  Q3_7.py  smooth.py
xu@xu-virtual-machine:~/760/CS_760_HW/HW4/Q3$ python3 Q3_1.py 
p^(y=e) = 0.3333333333333333
p^(y=s) = 0.3333333333333333
p^(y=j) = 0.3333333333333333
xu@xu-virtual-machine:~/760/CS_760_HW/HW4/Q3$ python3 Q3_2.py 
For English
[0.0601685114819098, 0.011134974392863043, 0.021509995043779945, 0.021972575582355856, 0.1053692383941847, 0.018932760614571286, 0.017478936064761277, 0.047216256401784236, 0.055410540227986124, 0.001420783082768875, 0.0037336857756484387, 0.028977366595076822, 0.020518751032545846, 0.057921691723112505, 0.06446390219725756, 0.01675202378985627, 0.0005617049396993227, 0.053824549810011564, 0.06618205848339666, 0.08012555757475633, 0.026664463902197257, 0.009284652238559392, 0.015496448042293078, 0.001156451346439782, 0.013844374690236246, 0.0006277878737815959, 0.1792499586981662]
xu@xu-virtual-machine:~/760/CS_760_HW/HW4/Q3$ python3 Q3_3.py 
For Spanish:
[0.10456045141993771, 0.008232863618143134, 0.03752582405722919, 0.039745922111559924, 0.1138108599796491, 0.00860287996053159, 0.0071844839813758445, 0.0045327001942585795, 0.049859702136844375, 0.006629459467793161, 0.0002775122567913416, 0.052943171656748174, 0.02580863988159477, 0.054176559464709693, 0.07249236841293824, 0.02426690512164287, 0.007677839104560451, 0.05929511886774999, 0.06577040485954797, 0.03561407295488884, 0.03370232185254849, 0.00588942678301625, 9.250408559711388e-05, 0.0024976103111220747, 0.007862847275754679, 0.0026826184823163022, 0.16826493170115014]
For Japanese:
[0.1317656102589189, 0.010866906600510151, 0.005485866033054963, 0.01722631818022992, 0.06020475907613823, 0.003878542227191726, 0.014011670568503443, 0.03176211607673224, 0.09703343932352633, 0.0023411020650616725, 0.05740941332681086, 0.001432614696530277, 0.03979873510604843, 0.05671057688947902, 0.09116321324993885, 0.0008735455466648031, 0.00010482546559977637, 0.04280373178657535, 0.0421747789929767, 0.056990111464411755, 0.07061742199238269, 0.0002445927530661449, 0.01974212935462455, 3.4941821866592126e-05, 0.01415143785596981, 0.00772214263251686, 0.12344945665466997]
xu@xu-virtual-machine:~/760/CS_760_HW/HW4/Q3$ python3 Q3_4.py 
For e10.txt:
[164, 32, 53, 57, 311, 55, 51, 140, 140, 3, 6, 85, 64, 139, 182, 53, 3, 141, 186, 225, 65, 31, 47, 4, 38, 2, 498]
xu@xu-virtual-machine:~/760/CS_760_HW/HW4/Q3$ python3 Q3_5.py 
e10's log likelihood is: ( [E, S, J] )
[-7841.865447060635, -8467.282044010557, -8771.433079075032]
xu@xu-virtual-machine:~/760/CS_760_HW/HW4/Q3$ python3 Q3_6.py 
e10's log posterior is: ( [E, S, J] )
[-7838.869714787081, -8464.286311737003, -8768.437346801478]
Predicted to be: e (English)with maxpos=-7838.869714787081
xu@xu-virtual-machine:~/760/CS_760_HW/HW4/Q3$ python3 Q3_7.py 
For e18.txtPredicted to be: e (English)with maxpos=-4595.2552609721015
{'e': {'e': 1, 's': 0, 'j': 0}, 's': {'e': 0, 's': 0, 'j': 0}, 'j': {'e': 0, 's': 0, 'j': 0}}
For j12.txtPredicted to be: j (Japanese)with maxpos=-3436.0454487677175
{'e': {'e': 1, 's': 0, 'j': 0}, 's': {'e': 0, 's': 0, 'j': 0}, 'j': {'e': 0, 's': 0, 'j': 1}}
For e19.txtPredicted to be: e (English)with maxpos=-1652.8610096314765
{'e': {'e': 2, 's': 0, 'j': 0}, 's': {'e': 0, 's': 0, 'j': 0}, 'j': {'e': 0, 's': 0, 'j': 1}}
For j11.txtPredicted to be: j (Japanese)with maxpos=-4103.2428951016445
{'e': {'e': 2, 's': 0, 'j': 0}, 's': {'e': 0, 's': 0, 'j': 0}, 'j': {'e': 0, 's': 0, 'j': 2}}
For s10.txtPredicted to be: s (Spanish)with maxpos=-4710.656040778324
{'e': {'e': 2, 's': 0, 'j': 0}, 's': {'e': 0, 's': 1, 'j': 0}, 'j': {'e': 0, 's': 0, 'j': 2}}
For j10.txtPredicted to be: j (Japanese)with maxpos=-4129.784364504002
{'e': {'e': 2, 's': 0, 'j': 0}, 's': {'e': 0, 's': 1, 'j': 0}, 'j': {'e': 0, 's': 0, 'j': 3}}
For s12.txtPredicted to be: s (Spanish)with maxpos=-5503.758240046121
{'e': {'e': 2, 's': 0, 'j': 0}, 's': {'e': 0, 's': 2, 'j': 0}, 'j': {'e': 0, 's': 0, 'j': 3}}
For j16.txtPredicted to be: j (Japanese)with maxpos=-3989.251107923937
{'e': {'e': 2, 's': 0, 'j': 0}, 's': {'e': 0, 's': 2, 'j': 0}, 'j': {'e': 0, 's': 0, 'j': 4}}
For j15.txtPredicted to be: j (Japanese)with maxpos=-3535.4837779056456
{'e': {'e': 2, 's': 0, 'j': 0}, 's': {'e': 0, 's': 2, 'j': 0}, 'j': {'e': 0, 's': 0, 'j': 5}}
For e10.txtPredicted to be: e (English)with maxpos=-7838.869714787081
{'e': {'e': 3, 's': 0, 'j': 0}, 's': {'e': 0, 's': 2, 'j': 0}, 'j': {'e': 0, 's': 0, 'j': 5}}
For s14.txtPredicted to be: s (Spanish)with maxpos=-4915.8180168747995
{'e': {'e': 3, 's': 0, 'j': 0}, 's': {'e': 0, 's': 3, 'j': 0}, 'j': {'e': 0, 's': 0, 'j': 5}}
For s16.txtPredicted to be: s (Spanish)with maxpos=-4573.959743606982
{'e': {'e': 3, 's': 0, 'j': 0}, 's': {'e': 0, 's': 4, 'j': 0}, 'j': {'e': 0, 's': 0, 'j': 5}}
For e15.txtPredicted to be: e (English)with maxpos=-4597.243202263474
{'e': {'e': 4, 's': 0, 'j': 0}, 's': {'e': 0, 's': 4, 'j': 0}, 'j': {'e': 0, 's': 0, 'j': 5}}
For e12.txtPredicted to be: e (English)with maxpos=-5282.494722730138
{'e': {'e': 5, 's': 0, 'j': 0}, 's': {'e': 0, 's': 4, 'j': 0}, 'j': {'e': 0, 's': 0, 'j': 5}}
For e17.txtPredicted to be: e (English)with maxpos=-6876.759639028354
{'e': {'e': 6, 's': 0, 'j': 0}, 's': {'e': 0, 's': 4, 'j': 0}, 'j': {'e': 0, 's': 0, 'j': 5}}
For j17.txtPredicted to be: j (Japanese)with maxpos=-4364.796077974687
{'e': {'e': 6, 's': 0, 'j': 0}, 's': {'e': 0, 's': 4, 'j': 0}, 'j': {'e': 0, 's': 0, 'j': 6}}
For j18.txtPredicted to be: j (Japanese)with maxpos=-3825.8015398657685
{'e': {'e': 6, 's': 0, 'j': 0}, 's': {'e': 0, 's': 4, 'j': 0}, 'j': {'e': 0, 's': 0, 'j': 7}}
For s11.txtPredicted to be: s (Spanish)with maxpos=-1687.4794116857183
{'e': {'e': 6, 's': 0, 'j': 0}, 's': {'e': 0, 's': 5, 'j': 0}, 'j': {'e': 0, 's': 0, 'j': 7}}
For e14.txtPredicted to be: e (English)with maxpos=-4680.04358249108
{'e': {'e': 7, 's': 0, 'j': 0}, 's': {'e': 0, 's': 5, 'j': 0}, 'j': {'e': 0, 's': 0, 'j': 7}}
For e16.txtPredicted to be: e (English)with maxpos=-7675.854022817147
{'e': {'e': 8, 's': 0, 'j': 0}, 's': {'e': 0, 's': 5, 'j': 0}, 'j': {'e': 0, 's': 0, 'j': 7}}
For e13.txtPredicted to be: e (English)with maxpos=-4739.757771267753
{'e': {'e': 9, 's': 0, 'j': 0}, 's': {'e': 0, 's': 5, 'j': 0}, 'j': {'e': 0, 's': 0, 'j': 7}}
For s19.txtPredicted to be: s (Spanish)with maxpos=-3199.7903146786407
{'e': {'e': 9, 's': 0, 'j': 0}, 's': {'e': 0, 's': 6, 'j': 0}, 'j': {'e': 0, 's': 0, 'j': 7}}
For s13.txtPredicted to be: s (Spanish)with maxpos=-2665.390044705569
{'e': {'e': 9, 's': 0, 'j': 0}, 's': {'e': 0, 's': 7, 'j': 0}, 'j': {'e': 0, 's': 0, 'j': 7}}
For e11.txtPredicted to be: e (English)with maxpos=-9343.216142785686
{'e': {'e': 10, 's': 0, 'j': 0}, 's': {'e': 0, 's': 7, 'j': 0}, 'j': {'e': 0, 's': 0, 'j': 7}}
For j14.txtPredicted to be: j (Japanese)with maxpos=-4374.565312760149
{'e': {'e': 10, 's': 0, 'j': 0}, 's': {'e': 0, 's': 7, 'j': 0}, 'j': {'e': 0, 's': 0, 'j': 8}}
For s18.txtPredicted to be: s (Spanish)with maxpos=-5275.80391967283
{'e': {'e': 10, 's': 0, 'j': 0}, 's': {'e': 0, 's': 8, 'j': 0}, 'j': {'e': 0, 's': 0, 'j': 8}}
For j19.txtPredicted to be: j (Japanese)with maxpos=-3873.7369623524874
{'e': {'e': 10, 's': 0, 'j': 0}, 's': {'e': 0, 's': 8, 'j': 0}, 'j': {'e': 0, 's': 0, 'j': 9}}
For s15.txtPredicted to be: s (Spanish)with maxpos=-4234.046561652046
{'e': {'e': 10, 's': 0, 'j': 0}, 's': {'e': 0, 's': 9, 'j': 0}, 'j': {'e': 0, 's': 0, 'j': 9}}
For s17.txtPredicted to be: s (Spanish)with maxpos=-5038.642749669058
{'e': {'e': 10, 's': 0, 'j': 0}, 's': {'e': 0, 's': 10, 'j': 0}, 'j': {'e': 0, 's': 0, 'j': 9}}
For j13.txtPredicted to be: j (Japanese)with maxpos=-4332.671056647643
{'e': {'e': 10, 's': 0, 'j': 0}, 's': {'e': 0, 's': 10, 'j': 0}, 'j': {'e': 0, 's': 0, 'j': 10}}
pred\truth	English	Spanish	Japanese
  English  	10	0	0
  Spanish	0	10	0
 Japanese	0	0	10
xu@xu-virtual-machine:~/760/CS_760_HW/HW4/Q3$ python3 Q3_8.py 
python3: can't open file '/home/xu/760/CS_760_HW/HW4/Q3/Q3_8.py': [Errno 2] No such file or directory
xu@xu-virtual-machine:~/760/CS_760_HW/HW4/Q3$ 


